mode: set
easyedit/clipboard/clipboard_unix.go:10.32,11.17 1 1
easyedit/clipboard/clipboard_unix.go:14.2,15.16 2 1
easyedit/clipboard/clipboard_unix.go:18.2,19.16 2 0
easyedit/clipboard/clipboard_unix.go:22.2,22.52 1 0
easyedit/clipboard/clipboard_unix.go:11.17,13.3 1 1
easyedit/clipboard/clipboard_unix.go:15.16,17.3 1 1
easyedit/clipboard/clipboard_unix.go:19.16,21.3 1 0
easyedit/clipboard/clipboard_unix.go:25.34,26.17 1 1
easyedit/clipboard/clipboard_unix.go:29.2,30.16 2 0
easyedit/clipboard/clipboard_unix.go:33.2,34.16 2 0
easyedit/clipboard/clipboard_unix.go:37.2,37.36 1 0
easyedit/clipboard/clipboard_unix.go:40.2,40.50 1 0
easyedit/clipboard/clipboard_unix.go:43.2,43.35 1 0
easyedit/clipboard/clipboard_unix.go:46.2,46.19 1 0
easyedit/clipboard/clipboard_unix.go:26.17,28.3 1 1
easyedit/clipboard/clipboard_unix.go:30.16,32.3 1 0
easyedit/clipboard/clipboard_unix.go:34.16,36.3 1 0
easyedit/clipboard/clipboard_unix.go:37.36,39.3 1 0
easyedit/clipboard/clipboard_unix.go:40.50,42.3 1 0
easyedit/clipboard/clipboard_unix.go:43.35,45.3 1 0
easyedit/clipboard/clipboard_unix.go:49.34,50.9 1 1
easyedit/clipboard/clipboard_unix.go:62.2,63.12 2 1
easyedit/clipboard/clipboard_unix.go:51.25,52.33 1 0
easyedit/clipboard/clipboard_unix.go:53.26,54.50 1 0
easyedit/clipboard/clipboard_unix.go:55.23,56.66 1 0
easyedit/clipboard/clipboard_unix.go:57.22,58.57 1 0
easyedit/clipboard/clipboard_unix.go:59.38,60.46 1 0
easyedit/clipboard/clipboard_unix.go:66.33,67.9 1 0
easyedit/clipboard/clipboard_unix.go:79.2,80.12 2 0
easyedit/clipboard/clipboard_unix.go:68.24,69.32 1 0
easyedit/clipboard/clipboard_unix.go:70.25,71.33 1 0
easyedit/clipboard/clipboard_unix.go:72.23,73.65 1 0
easyedit/clipboard/clipboard_unix.go:74.22,75.56 1 0
easyedit/clipboard/clipboard_unix.go:76.38,77.46 1 0
easyedit/clipboard/clipboard_unix.go:83.31,86.2 2 1
easyedit/clipboard/clipboard.go:7.32,9.2 1 1
easyedit/clipboard/clipboard.go:12.34,14.2 1 1
easyedit/command/command.go:76.37,78.2 1 1
easyedit/command/command.go:82.44,84.17 2 1
easyedit/command/command.go:88.2,94.21 4 1
easyedit/command/command.go:103.2,106.25 3 1
easyedit/command/command.go:111.2,111.18 1 1
easyedit/command/command.go:126.2,126.17 1 1
easyedit/command/command.go:84.17,86.3 1 1
easyedit/command/command.go:94.21,95.27 1 1
easyedit/command/command.go:99.3,99.48 1 1
easyedit/command/command.go:95.27,98.4 2 1
easyedit/command/command.go:106.25,108.3 1 1
easyedit/command/command.go:112.21,114.17 2 1
easyedit/command/command.go:117.3,119.19 3 1
easyedit/command/command.go:120.25,121.29 1 1
easyedit/command/command.go:122.14,123.36 1 1
easyedit/command/command.go:114.17,116.4 1 1
easyedit/command/command.go:130.51,134.40 2 1
easyedit/command/command.go:138.2,138.21 1 1
easyedit/command/command.go:143.2,143.21 1 1
easyedit/command/command.go:155.2,156.12 2 1
easyedit/command/command.go:164.2,164.40 1 1
easyedit/command/command.go:167.2,167.39 1 1
easyedit/command/command.go:182.2,182.13 1 1
easyedit/command/command.go:134.40,136.3 1 0
easyedit/command/command.go:138.21,140.3 1 0
easyedit/command/command.go:143.21,147.41 3 1
easyedit/command/command.go:151.3,151.14 1 1
easyedit/command/command.go:147.41,149.4 1 1
easyedit/command/command.go:156.12,159.3 2 1
easyedit/command/command.go:159.8,161.3 1 1
easyedit/command/command.go:164.40,166.3 1 0
easyedit/command/command.go:167.39,169.41 2 1
easyedit/command/command.go:172.3,173.13 2 1
easyedit/command/command.go:169.41,171.4 1 0
easyedit/command/command.go:173.13,176.4 2 1
easyedit/command/command.go:176.9,179.4 1 1
easyedit/command/command.go:186.50,188.59 2 1
easyedit/command/command.go:191.2,191.15 1 1
easyedit/command/command.go:196.2,196.17 1 1
easyedit/command/command.go:188.59,190.3 1 1
easyedit/command/command.go:191.15,195.3 2 1
easyedit/command/command.go:200.60,201.20 1 1
easyedit/command/command.go:206.2,206.35 1 1
easyedit/command/command.go:215.2,215.35 1 1
easyedit/command/command.go:220.2,222.19 3 1
easyedit/command/command.go:226.2,226.17 1 1
easyedit/command/command.go:251.2,251.27 1 1
easyedit/command/command.go:201.20,203.3 1 0
easyedit/command/command.go:206.35,208.37 2 1
easyedit/command/command.go:211.3,211.35 1 1
easyedit/command/command.go:208.37,210.4 1 1
easyedit/command/command.go:215.35,217.3 1 1
easyedit/command/command.go:222.19,224.3 1 1
easyedit/command/command.go:227.11,228.30 1 1
easyedit/command/command.go:229.11,230.31 1 1
easyedit/command/command.go:231.11,232.30 1 1
easyedit/command/command.go:233.11,234.32 1 1
easyedit/command/command.go:235.11,237.104 1 1
easyedit/command/command.go:241.3,241.38 1 1
easyedit/command/command.go:244.11,245.43 1 1
easyedit/command/command.go:248.3,248.28 1 0
easyedit/command/command.go:237.104,239.4 1 1
easyedit/command/command.go:245.43,247.4 1 1
easyedit/command/command.go:255.71,256.16 1 1
easyedit/command/command.go:261.2,266.13 4 1
easyedit/command/command.go:269.2,274.14 4 1
easyedit/command/command.go:283.2,285.29 2 1
easyedit/command/command.go:256.16,258.3 1 0
easyedit/command/command.go:266.13,268.3 1 1
easyedit/command/command.go:274.14,277.3 2 1
easyedit/command/command.go:277.8,280.3 2 0
easyedit/command/command.go:289.38,291.16 2 1
easyedit/command/command.go:294.2,294.29 1 1
easyedit/command/command.go:291.16,293.3 1 1
easyedit/command/command.go:298.45,300.16 2 1
easyedit/command/command.go:305.2,305.47 1 1
easyedit/command/command.go:312.2,312.31 1 1
easyedit/command/command.go:300.16,302.3 1 1
easyedit/command/command.go:305.47,309.3 3 1
easyedit/command/command.go:317.55,321.11 3 1
easyedit/command/command.go:338.2,338.19 1 1
easyedit/command/command.go:321.11,324.3 2 1
easyedit/command/command.go:324.8,325.16 1 1
easyedit/command/command.go:329.3,329.14 1 1
easyedit/command/command.go:332.3,332.16 1 1
easyedit/command/command.go:325.16,328.4 1 1
easyedit/command/command.go:329.14,331.4 1 1
easyedit/command/command.go:332.16,335.4 1 1
easyedit/command/command.go:342.35,344.17 2 1
easyedit/command/command.go:355.2,355.16 1 1
easyedit/command/command.go:390.2,390.20 1 1
easyedit/command/command.go:344.17,346.3 1 0
easyedit/command/command.go:346.8,346.31 1 1
easyedit/command/command.go:346.31,348.44 2 1
easyedit/command/command.go:348.44,350.24 2 1
easyedit/command/command.go:350.24,352.5 1 1
easyedit/command/command.go:356.17,357.22 1 1
easyedit/command/command.go:358.21,364.27 6 1
easyedit/command/command.go:365.16,367.22 2 1
easyedit/command/command.go:371.15,372.22 1 1
easyedit/command/command.go:373.20,374.23 1 1
easyedit/command/command.go:375.20,376.23 1 1
easyedit/command/command.go:377.15,379.44 2 1
easyedit/command/command.go:380.14,383.27 3 1
easyedit/command/command.go:387.20,388.30 1 1
easyedit/command/command.go:367.22,370.4 2 1
easyedit/command/command.go:383.27,386.4 2 1
easyedit/command/command.go:394.58,396.37 2 1
easyedit/command/command.go:399.2,399.41 1 1
easyedit/command/command.go:396.37,398.3 1 1
easyedit/command/command.go:403.37,405.2 1 1
easyedit/command/command.go:425.72,426.18 1 1
easyedit/command/command.go:627.2,627.19 1 1
easyedit/command/command.go:427.17,428.28 1 1
easyedit/command/command.go:433.3,434.15 1 1
easyedit/command/command.go:448.3,448.18 1 1
easyedit/command/command.go:452.3,453.17 2 1
easyedit/command/command.go:456.3,456.24 1 1
easyedit/command/command.go:461.21,462.53 1 0
easyedit/command/command.go:467.3,468.40 2 0
easyedit/command/command.go:471.3,472.18 2 0
easyedit/command/command.go:482.3,484.41 3 0
easyedit/command/command.go:492.3,496.17 3 0
easyedit/command/command.go:500.3,501.23 2 0
easyedit/command/command.go:515.3,515.16 1 0
easyedit/command/command.go:527.16,529.24 2 1
easyedit/command/command.go:532.3,532.26 1 1
easyedit/command/command.go:535.3,535.44 1 1
easyedit/command/command.go:538.3,538.24 1 1
easyedit/command/command.go:546.15,547.21 1 1
easyedit/command/command.go:550.3,550.40 1 1
easyedit/command/command.go:553.3,553.19 1 1
easyedit/command/command.go:555.20,556.21 1 1
easyedit/command/command.go:559.3,559.39 1 1
easyedit/command/command.go:562.3,562.19 1 1
easyedit/command/command.go:564.20,565.44 1 1
easyedit/command/command.go:568.3,568.42 1 1
easyedit/command/command.go:571.3,571.40 1 1
easyedit/command/command.go:574.3,574.19 1 1
easyedit/command/command.go:576.15,577.25 1 1
easyedit/command/command.go:580.3,581.24 2 1
easyedit/command/command.go:584.3,584.17 1 1
easyedit/command/command.go:587.3,587.43 1 1
easyedit/command/command.go:590.3,590.24 1 1
easyedit/command/command.go:594.15,595.25 1 1
easyedit/command/command.go:598.3,599.15 2 1
easyedit/command/command.go:602.3,602.43 1 1
easyedit/command/command.go:606.20,607.26 1 1
easyedit/command/command.go:610.3,610.40 1 1
easyedit/command/command.go:613.3,613.19 1 1
easyedit/command/command.go:615.14,616.26 1 1
easyedit/command/command.go:619.3,619.24 1 1
easyedit/command/command.go:622.3,622.73 1 1
easyedit/command/command.go:428.28,430.4 1 1
easyedit/command/command.go:434.15,435.30 1 1
easyedit/command/command.go:439.5,440.37 2 1
easyedit/command/command.go:443.5,443.17 1 1
easyedit/command/command.go:435.30,437.6 1 1
easyedit/command/command.go:440.37,442.6 1 1
easyedit/command/command.go:448.18,450.4 1 1
easyedit/command/command.go:453.17,455.4 1 1
easyedit/command/command.go:456.24,459.4 2 1
easyedit/command/command.go:462.53,464.4 1 0
easyedit/command/command.go:468.40,470.4 1 0
easyedit/command/command.go:472.18,474.45 1 0
easyedit/command/command.go:474.45,476.5 1 0
easyedit/command/command.go:476.10,478.5 1 0
easyedit/command/command.go:484.41,488.19 4 0
easyedit/command/command.go:488.19,490.5 1 0
easyedit/command/command.go:496.17,498.4 1 0
easyedit/command/command.go:501.23,502.64 1 0
easyedit/command/command.go:502.64,505.5 2 0
easyedit/command/command.go:506.9,509.18 2 0
easyedit/command/command.go:509.18,511.5 1 0
easyedit/command/command.go:515.16,518.18 2 0
easyedit/command/command.go:522.4,522.25 1 0
easyedit/command/command.go:518.18,520.5 1 0
easyedit/command/command.go:522.25,524.5 1 0
easyedit/command/command.go:529.24,531.4 1 1
easyedit/command/command.go:532.26,534.4 1 1
easyedit/command/command.go:535.44,537.4 1 1
easyedit/command/command.go:538.24,539.18 1 0
easyedit/command/command.go:539.18,541.5 1 0
easyedit/command/command.go:541.10,543.5 1 0
easyedit/command/command.go:547.21,549.4 1 1
easyedit/command/command.go:550.40,552.4 1 0
easyedit/command/command.go:556.21,558.4 1 0
easyedit/command/command.go:559.39,561.4 1 0
easyedit/command/command.go:565.44,567.4 1 0
easyedit/command/command.go:568.42,570.4 1 0
easyedit/command/command.go:571.40,573.4 1 0
easyedit/command/command.go:577.25,579.4 1 1
easyedit/command/command.go:581.24,583.4 1 1
easyedit/command/command.go:584.17,586.4 1 1
easyedit/command/command.go:587.43,589.4 1 0
easyedit/command/command.go:590.24,592.4 1 0
easyedit/command/command.go:595.25,597.4 1 1
easyedit/command/command.go:599.15,601.4 1 0
easyedit/command/command.go:602.43,604.4 1 0
easyedit/command/command.go:607.26,609.4 1 0
easyedit/command/command.go:610.40,612.4 1 0
easyedit/command/command.go:616.26,618.4 1 1
easyedit/command/command.go:619.24,621.4 1 0
easyedit/command/command.go:622.73,624.4 1 0
easyedit/config/config.go:59.29,95.2 1 1
easyedit/config/config.go:98.26,99.31 1 1
easyedit/config/config.go:106.2,107.46 2 1
easyedit/config/config.go:99.31,101.20 2 0
easyedit/config/config.go:104.3,104.59 1 0
easyedit/config/config.go:101.20,103.4 1 0
easyedit/config/config.go:111.26,116.16 4 1
easyedit/config/config.go:120.2,120.51 1 1
easyedit/config/config.go:125.2,125.22 1 1
easyedit/config/config.go:128.2,128.23 1 1
easyedit/config/config.go:132.2,132.12 1 1
easyedit/config/config.go:116.16,118.3 1 1
easyedit/config/config.go:120.51,122.3 1 1
easyedit/config/config.go:125.22,127.3 1 1
easyedit/config/config.go:128.23,130.3 1 1
easyedit/document/document.go:30.44,31.19 1 1
easyedit/document/document.go:34.2,39.3 2 1
easyedit/document/document.go:31.19,33.3 1 1
easyedit/document/document.go:43.53,53.2 5 1
easyedit/document/document.go:56.32,58.2 1 1
easyedit/document/document.go:61.32,63.2 1 1
easyedit/document/document.go:66.39,69.21 3 1
easyedit/document/document.go:72.2,80.23 7 1
easyedit/document/document.go:69.21,71.3 1 1
easyedit/document/document.go:84.39,85.13 1 1
easyedit/document/document.go:88.2,88.20 1 1
easyedit/document/document.go:92.2,94.19 2 1
easyedit/document/document.go:85.13,87.3 1 0
easyedit/document/document.go:88.20,90.3 1 0
easyedit/document/document.go:94.19,102.3 6 1
easyedit/document/document.go:102.8,102.26 1 1
easyedit/document/document.go:102.26,110.3 6 1
easyedit/document/document.go:115.51,116.20 1 1
easyedit/document/document.go:119.2,123.18 4 1
easyedit/document/document.go:127.2,128.26 2 1
easyedit/document/document.go:116.20,118.3 1 1
easyedit/document/document.go:123.18,125.3 1 1
easyedit/document/document.go:132.46,133.53 1 1
easyedit/document/document.go:136.2,137.21 2 1
easyedit/document/document.go:133.53,135.3 1 0
easyedit/document/document.go:141.43,142.32 1 1
easyedit/document/document.go:145.2,145.23 1 1
easyedit/document/document.go:148.2,148.44 1 0
easyedit/document/document.go:142.32,144.3 1 1
easyedit/document/document.go:145.23,147.3 1 1
easyedit/document/document.go:154.51,156.15 2 1
easyedit/document/document.go:159.2,159.13 1 1
easyedit/document/document.go:162.2,162.18 1 1
easyedit/document/document.go:166.2,169.33 2 1
easyedit/document/document.go:177.2,177.15 1 1
easyedit/document/document.go:156.15,158.3 1 1
easyedit/document/document.go:159.13,161.3 1 1
easyedit/document/document.go:162.18,164.3 1 1
easyedit/document/document.go:169.33,171.31 2 1
easyedit/document/document.go:171.31,173.4 1 1
easyedit/document/document.go:173.9,175.4 1 1
easyedit/document/document.go:181.39,183.2 1 1
easyedit/document/document.go:187.46,188.14 1 1
easyedit/document/document.go:192.2,193.12 2 1
easyedit/document/document.go:201.2,202.15 2 1
easyedit/document/document.go:206.2,206.25 1 1
easyedit/document/document.go:215.2,215.11 1 1
easyedit/document/document.go:188.14,190.3 1 1
easyedit/document/document.go:193.12,194.16 1 1
easyedit/document/document.go:197.3,197.12 1 0
easyedit/document/document.go:194.16,196.4 1 1
easyedit/document/document.go:202.15,204.3 1 1
easyedit/document/document.go:206.25,207.27 1 1
easyedit/document/document.go:207.27,209.21 2 1
easyedit/document/document.go:209.21,211.5 1 1
easyedit/document/document.go:221.44,224.15 3 1
easyedit/document/document.go:229.2,229.29 1 1
easyedit/document/document.go:235.2,235.10 1 1
easyedit/document/document.go:224.15,226.3 1 0
easyedit/document/document.go:229.29,230.27 1 1
easyedit/document/document.go:230.27,232.4 1 1
easyedit/document/document.go:241.38,243.12 2 1
easyedit/document/document.go:247.2,248.25 2 1
easyedit/document/document.go:253.2,253.14 1 1
easyedit/document/document.go:243.12,245.3 1 1
easyedit/document/document.go:248.25,249.27 1 1
easyedit/document/document.go:249.27,251.4 1 1
easyedit/document/document.go:257.44,259.15 2 1
easyedit/document/document.go:262.2,263.13 2 1
easyedit/document/document.go:266.2,266.37 1 1
easyedit/document/document.go:259.15,261.3 1 1
easyedit/document/document.go:263.13,265.3 1 0
easyedit/document/document.go:270.44,272.2 1 1
easyedit/document/document.go:275.55,277.13 2 1
easyedit/document/document.go:280.2,280.13 1 1
easyedit/document/document.go:284.2,286.27 3 1
easyedit/document/document.go:294.2,294.18 1 1
easyedit/document/document.go:277.13,279.3 1 1
easyedit/document/document.go:280.13,282.3 1 1
easyedit/document/document.go:286.27,287.27 1 1
easyedit/document/document.go:287.27,290.4 2 1
easyedit/document/document.go:290.9,292.4 1 1
easyedit/document/document.go:299.54,303.24 3 1
easyedit/document/document.go:306.2,306.14 1 1
easyedit/document/document.go:310.2,311.15 2 1
easyedit/document/document.go:315.2,318.19 3 1
easyedit/document/document.go:321.2,321.13 1 1
easyedit/document/document.go:325.2,325.20 1 1
easyedit/document/document.go:303.24,305.3 1 1
easyedit/document/document.go:306.14,308.3 1 0
easyedit/document/document.go:311.15,313.3 1 0
easyedit/document/document.go:318.19,320.3 1 1
easyedit/document/document.go:321.13,323.3 1 0
easyedit/document/document.go:329.51,333.27 4 1
easyedit/document/document.go:340.2,340.23 1 1
easyedit/document/document.go:333.27,334.30 1 1
easyedit/document/document.go:334.30,336.4 1 1
easyedit/document/document.go:336.9,337.9 1 1
easyedit/document/document.go:344.38,346.2 1 1
easyedit/document/document.go:349.47,351.18 2 1
easyedit/document/document.go:354.2,355.27 2 1
easyedit/document/document.go:359.2,360.31 2 1
easyedit/document/document.go:363.2,363.16 1 1
easyedit/document/document.go:351.18,353.3 1 1
easyedit/document/document.go:355.27,357.3 1 0
easyedit/document/document.go:360.31,362.3 1 1
easyedit/document/document.go:375.30,379.2 1 1
easyedit/document/document.go:382.48,386.2 1 1
easyedit/document/document.go:389.49,392.2 2 1
easyedit/document/document.go:395.53,396.20 1 1
easyedit/document/document.go:399.2,400.19 2 1
easyedit/document/document.go:396.20,398.3 1 0
easyedit/document/document.go:404.56,409.2 4 1
easyedit/document/document.go:412.47,413.38 1 1
easyedit/document/document.go:416.2,419.11 4 1
easyedit/document/document.go:413.38,415.3 1 1
easyedit/document/document.go:423.37,425.2 1 1
easyedit/document/document.go:428.39,430.2 1 1
easyedit/document/document.go:433.36,435.2 1 1
easyedit/document/document.go:438.42,440.2 1 1
easyedit/document/document.go:443.30,445.2 1 1
easyedit/document/document.go:448.47,450.2 1 1
easyedit/document/document.go:453.53,455.2 1 1
easyedit/document/document.go:458.52,460.2 1 1
easyedit/document/encoding.go:46.41,47.34 1 1
easyedit/document/encoding.go:50.2,50.18 1 0
easyedit/document/encoding.go:47.34,49.3 1 1
easyedit/document/encoding.go:54.58,55.11 1 1
easyedit/document/encoding.go:56.15,57.22 1 1
easyedit/document/encoding.go:58.18,59.64 1 1
easyedit/document/encoding.go:60.18,61.61 1 1
easyedit/document/encoding.go:62.14,63.31 1 1
easyedit/document/encoding.go:64.15,65.33 1 1
easyedit/document/encoding.go:66.19,67.27 1 1
easyedit/document/encoding.go:68.16,69.24 1 1
easyedit/document/encoding.go:70.16,71.22 1 1
easyedit/document/encoding.go:72.17,73.27 1 1
easyedit/document/encoding.go:74.10,75.27 1 1
easyedit/document/encoding.go:80.49,81.20 1 1
easyedit/document/encoding.go:86.2,86.77 1 1
easyedit/document/encoding.go:89.2,89.58 1 1
easyedit/document/encoding.go:92.2,92.58 1 1
easyedit/document/encoding.go:97.2,97.22 1 1
easyedit/document/encoding.go:102.2,103.31 2 1
easyedit/document/encoding.go:109.2,109.18 1 0
easyedit/document/encoding.go:81.20,83.3 1 1
easyedit/document/encoding.go:86.77,88.3 1 1
easyedit/document/encoding.go:89.58,91.3 1 1
easyedit/document/encoding.go:92.58,94.3 1 1
easyedit/document/encoding.go:97.22,99.3 1 1
easyedit/document/encoding.go:103.31,104.42 1 1
easyedit/document/encoding.go:104.42,106.4 1 1
easyedit/document/encoding.go:113.57,117.2 3 1
easyedit/document/encoding.go:121.64,122.20 1 1
easyedit/document/encoding.go:126.2,130.13 3 1
easyedit/document/encoding.go:145.2,145.20 1 1
easyedit/document/encoding.go:149.2,152.16 4 0
easyedit/document/encoding.go:155.2,155.30 1 0
easyedit/document/encoding.go:122.20,124.3 1 1
easyedit/document/encoding.go:131.18,132.59 1 0
easyedit/document/encoding.go:135.18,136.59 1 0
easyedit/document/encoding.go:139.15,140.78 1 1
easyedit/document/encoding.go:132.59,134.4 1 0
easyedit/document/encoding.go:136.59,138.4 1 0
easyedit/document/encoding.go:140.78,142.4 1 1
easyedit/document/encoding.go:145.20,147.3 1 1
easyedit/document/encoding.go:152.16,154.3 1 0
easyedit/document/encoding.go:159.70,160.41 1 1
easyedit/document/encoding.go:164.2,167.16 4 0
easyedit/document/encoding.go:170.2,170.17 1 0
easyedit/document/encoding.go:160.41,162.3 1 1
easyedit/document/encoding.go:167.16,169.3 1 0
easyedit/document/encoding.go:174.35,175.77 1 1
easyedit/document/encoding.go:178.2,178.102 1 1
easyedit/document/encoding.go:181.2,181.13 1 1
easyedit/document/encoding.go:175.77,177.3 1 1
easyedit/document/encoding.go:178.102,180.3 1 1
easyedit/document/encoding.go:185.45,188.16 3 1
easyedit/document/encoding.go:191.2,191.25 1 1
easyedit/document/encoding.go:188.16,190.3 1 0
easyedit/document/encoding.go:195.45,198.16 3 1
easyedit/document/encoding.go:201.2,201.17 1 1
easyedit/document/encoding.go:198.16,200.3 1 0
easyedit/document/encoding.go:206.42,207.25 1 1
easyedit/document/encoding.go:212.2,212.13 1 1
easyedit/document/encoding.go:207.25,208.28 1 1
easyedit/document/encoding.go:208.28,210.4 1 1
easyedit/document/encoding.go:216.38,217.11 1 1
easyedit/document/encoding.go:218.18,219.28 1 1
easyedit/document/encoding.go:220.18,221.28 1 1
easyedit/document/encoding.go:222.10,223.13 1 1
easyedit/document/undo.go:42.41,43.15 1 1
easyedit/document/undo.go:46.2,50.3 1 1
easyedit/document/undo.go:43.15,45.3 1 0
easyedit/document/undo.go:54.73,62.14 2 1
easyedit/document/undo.go:71.2,83.30 5 1
easyedit/document/undo.go:88.2,88.23 1 1
easyedit/document/undo.go:62.14,69.3 5 1
easyedit/document/undo.go:83.30,85.3 1 0
easyedit/document/undo.go:92.37,94.2 1 1
easyedit/document/undo.go:97.37,99.2 1 1
easyedit/document/undo.go:102.46,103.24 1 1
easyedit/document/undo.go:106.2,110.19 5 1
easyedit/document/undo.go:103.24,105.3 1 0
easyedit/document/undo.go:114.46,115.23 1 1
easyedit/document/undo.go:118.2,122.19 5 1
easyedit/document/undo.go:115.23,117.3 1 0
easyedit/document/undo.go:126.30,130.2 3 1
easyedit/document/undo.go:133.38,135.2 1 1
easyedit/document/undo.go:138.38,140.2 1 1
easyedit/highlight/highlight.go:53.51,57.20 4 1
easyedit/highlight/highlight.go:61.2,61.10 1 1
easyedit/highlight/highlight.go:57.20,60.3 1 0
easyedit/highlight/highlight.go:65.50,69.20 3 1
easyedit/highlight/highlight.go:69.20,72.3 1 1
easyedit/highlight/highlight.go:76.48,80.2 3 1
easyedit/highlight/highlight.go:84.60,85.43 1 1
easyedit/highlight/highlight.go:89.2,91.20 2 1
easyedit/highlight/highlight.go:98.2,99.16 2 1
easyedit/highlight/highlight.go:104.2,105.17 2 1
easyedit/highlight/highlight.go:85.43,87.3 1 1
easyedit/highlight/highlight.go:91.20,95.3 2 1
easyedit/highlight/highlight.go:99.16,102.3 2 0
easyedit/highlight/highlight.go:110.68,111.20 1 1
easyedit/highlight/highlight.go:115.2,117.68 2 1
easyedit/highlight/highlight.go:121.2,124.33 3 1
easyedit/highlight/highlight.go:127.2,127.37 1 1
easyedit/highlight/highlight.go:131.2,131.35 1 1
easyedit/highlight/highlight.go:111.20,113.3 1 1
easyedit/highlight/highlight.go:117.68,119.3 1 0
easyedit/highlight/highlight.go:124.33,126.3 1 1
easyedit/highlight/highlight.go:127.37,129.3 1 1
easyedit/highlight/highlight.go:135.41,137.33 1 1
easyedit/highlight/highlight.go:141.2,141.28 1 1
easyedit/highlight/highlight.go:137.33,139.3 1 1
easyedit/highlight/highlight.go:145.30,147.2 1 1
easyedit/highlight/highlight.go:150.36,151.12 1 1
easyedit/highlight/highlight.go:165.2,165.10 1 1
easyedit/highlight/highlight.go:152.11,153.13 1 1
easyedit/highlight/highlight.go:154.11,155.13 1 1
easyedit/highlight/highlight.go:156.11,157.13 1 1
easyedit/highlight/highlight.go:158.11,159.13 1 1
easyedit/highlight/highlight.go:160.11,161.13 1 1
easyedit/highlight/highlight.go:162.11,163.13 1 1
easyedit/ui/editor.go:105.26,118.2 3 0
easyedit/ui/editor.go:121.30,124.16 3 0
easyedit/ui/editor.go:127.2,127.40 1 0
easyedit/ui/editor.go:130.2,137.16 5 0
easyedit/ui/editor.go:143.2,143.12 1 0
easyedit/ui/editor.go:124.16,126.3 1 0
easyedit/ui/editor.go:127.40,129.3 1 0
easyedit/ui/editor.go:137.16,142.3 4 0
easyedit/ui/editor.go:147.41,148.30 1 0
easyedit/ui/editor.go:152.2,153.12 2 0
easyedit/ui/editor.go:148.30,151.3 2 0
easyedit/ui/editor.go:157.38,160.64 2 0
easyedit/ui/editor.go:167.2,168.16 2 0
easyedit/ui/editor.go:172.2,172.31 1 0
easyedit/ui/editor.go:191.2,193.12 3 0
easyedit/ui/editor.go:160.64,164.3 3 0
easyedit/ui/editor.go:168.16,170.3 1 0
easyedit/ui/editor.go:172.31,180.65 3 0
easyedit/ui/editor.go:184.3,184.81 1 0
easyedit/ui/editor.go:180.65,182.4 1 0
easyedit/ui/editor.go:185.8,189.3 2 0
easyedit/ui/editor.go:197.46,198.16 1 0
easyedit/ui/editor.go:201.2,202.16 2 0
easyedit/ui/editor.go:207.2,208.16 2 0
easyedit/ui/editor.go:214.2,224.29 10 0
easyedit/ui/editor.go:227.2,228.12 2 0
easyedit/ui/editor.go:198.16,200.3 1 0
easyedit/ui/editor.go:202.16,204.3 1 0
easyedit/ui/editor.go:208.16,212.3 2 0
easyedit/ui/editor.go:224.29,226.3 1 0
easyedit/ui/editor.go:232.46,233.16 1 0
easyedit/ui/editor.go:236.2,236.16 1 0
easyedit/ui/editor.go:241.2,241.21 1 0
easyedit/ui/editor.go:252.2,254.81 3 0
easyedit/ui/editor.go:263.2,263.55 1 0
easyedit/ui/editor.go:267.2,270.12 4 0
easyedit/ui/editor.go:233.16,235.3 1 0
easyedit/ui/editor.go:236.16,238.3 1 0
easyedit/ui/editor.go:241.21,243.42 2 0
easyedit/ui/editor.go:243.42,245.18 2 0
easyedit/ui/editor.go:245.18,247.5 1 0
easyedit/ui/editor.go:254.81,257.17 3 0
easyedit/ui/editor.go:257.17,259.4 1 0
easyedit/ui/editor.go:260.8,262.3 1 0
easyedit/ui/editor.go:263.55,265.3 1 0
easyedit/ui/editor.go:274.38,277.2 2 0
easyedit/ui/editor.go:280.46,281.25 1 0
easyedit/ui/editor.go:282.26,284.9 2 0
easyedit/ui/editor.go:285.25,287.9 2 0
easyedit/ui/editor.go:288.23,289.17 1 0
easyedit/ui/editor.go:290.19,291.26 1 0
easyedit/ui/editor.go:292.20,293.27 1 0
easyedit/ui/editor.go:294.19,295.26 1 0
easyedit/ui/editor.go:296.20,297.27 1 0
easyedit/ui/editor.go:304.52,308.21 3 0
easyedit/ui/editor.go:315.2,317.18 3 0
easyedit/ui/editor.go:320.2,321.35 2 0
easyedit/ui/editor.go:324.2,324.18 1 0
easyedit/ui/editor.go:327.2,330.43 3 0
easyedit/ui/editor.go:308.21,313.3 3 0
easyedit/ui/editor.go:317.18,319.3 1 0
easyedit/ui/editor.go:321.35,323.3 1 0
easyedit/ui/editor.go:324.18,326.3 1 0
easyedit/ui/editor.go:330.43,334.3 3 0
easyedit/ui/editor.go:341.37,342.12 1 1
easyedit/ui/editor.go:356.2,356.17 1 1
easyedit/ui/editor.go:343.11,344.19 1 1
easyedit/ui/editor.go:345.11,346.19 1 1
easyedit/ui/editor.go:347.11,348.19 1 1
easyedit/ui/editor.go:349.12,350.20 1 1
easyedit/ui/editor.go:351.11,352.19 1 1
easyedit/ui/editor.go:353.11,354.19 1 1
easyedit/ui/editor.go:359.53,361.47 1 0
easyedit/ui/editor.go:383.2,390.17 6 0
easyedit/ui/editor.go:361.47,380.3 16 0
easyedit/ui/editor.go:393.55,395.9 1 0
easyedit/ui/editor.go:396.24,399.19 2 0
easyedit/ui/editor.go:400.58,403.24 2 0
easyedit/ui/editor.go:408.33,410.35 2 0
easyedit/ui/editor.go:415.34,416.16 1 0
easyedit/ui/editor.go:418.73,419.18 1 0
easyedit/ui/editor.go:421.35,422.15 1 0
easyedit/ui/editor.go:424.33,425.19 1 0
easyedit/ui/editor.go:426.34,427.18 1 0
easyedit/ui/editor.go:428.31,429.13 1 0
easyedit/ui/editor.go:430.33,431.15 1 0
easyedit/ui/editor.go:432.33,433.20 1 0
easyedit/ui/editor.go:434.32,435.18 1 0
easyedit/ui/editor.go:436.33,437.17 1 0
easyedit/ui/editor.go:438.33,439.19 1 0
easyedit/ui/editor.go:441.34,442.40 1 0
easyedit/ui/editor.go:447.34,448.16 1 0
easyedit/ui/editor.go:449.34,452.21 3 0
easyedit/ui/editor.go:453.34,454.16 1 0
easyedit/ui/editor.go:455.34,456.13 1 0
easyedit/ui/editor.go:457.34,458.13 1 0
easyedit/ui/editor.go:459.34,460.12 1 0
easyedit/ui/editor.go:461.34,463.13 1 0
easyedit/ui/editor.go:464.34,465.14 1 0
easyedit/ui/editor.go:467.35,470.19 2 0
easyedit/ui/editor.go:472.32,473.19 1 0
easyedit/ui/editor.go:475.10,475.10 0 0
easyedit/ui/editor.go:403.24,405.4 1 0
easyedit/ui/editor.go:405.9,407.4 1 0
easyedit/ui/editor.go:410.35,412.4 1 0
easyedit/ui/editor.go:412.9,414.4 1 0
easyedit/ui/editor.go:442.40,444.4 1 0
easyedit/ui/editor.go:444.9,446.4 1 0
easyedit/ui/editor.go:482.56,483.18 1 0
easyedit/ui/editor.go:484.23,487.16 3 0
easyedit/ui/editor.go:488.22,489.21 1 0
easyedit/ui/editor.go:490.47,491.27 1 0
easyedit/ui/editor.go:494.21,495.35 1 0
easyedit/ui/editor.go:491.27,493.4 1 0
easyedit/ui/editor.go:501.55,502.18 1 0
easyedit/ui/editor.go:503.23,506.24 3 0
easyedit/ui/editor.go:507.22,510.22 3 0
easyedit/ui/editor.go:511.47,512.27 1 0
easyedit/ui/editor.go:515.21,521.18 5 0
easyedit/ui/editor.go:522.22,525.15 3 0
easyedit/ui/editor.go:526.22,529.15 3 0
easyedit/ui/editor.go:512.27,514.4 1 0
easyedit/ui/editor.go:535.56,537.18 1 0
easyedit/ui/editor.go:538.23,542.20 4 0
easyedit/ui/editor.go:543.22,544.25 1 0
easyedit/ui/editor.go:558.47,559.27 1 0
easyedit/ui/editor.go:562.21,563.35 1 0
easyedit/ui/editor.go:544.25,549.4 3 0
easyedit/ui/editor.go:549.9,549.32 1 0
easyedit/ui/editor.go:549.32,557.4 6 0
easyedit/ui/editor.go:559.27,561.4 1 0
easyedit/ui/editor.go:569.36,574.2 4 0
easyedit/ui/editor.go:576.30,582.25 4 0
easyedit/ui/editor.go:606.2,606.17 1 0
easyedit/ui/editor.go:582.25,585.19 3 0
easyedit/ui/editor.go:585.19,590.32 4 0
easyedit/ui/editor.go:594.4,594.64 1 0
easyedit/ui/editor.go:599.4,599.20 1 0
easyedit/ui/editor.go:590.32,593.5 2 0
easyedit/ui/editor.go:594.64,595.44 1 0
easyedit/ui/editor.go:595.44,597.6 1 0
easyedit/ui/editor.go:599.20,602.5 2 0
easyedit/ui/editor.go:609.32,610.19 1 0
easyedit/ui/editor.go:613.2,616.17 4 0
easyedit/ui/editor.go:610.19,612.3 1 0
easyedit/ui/editor.go:619.29,620.29 1 0
easyedit/ui/editor.go:623.2,625.17 3 0
easyedit/ui/editor.go:620.29,622.3 1 0
easyedit/ui/editor.go:630.27,632.9 2 0
easyedit/ui/editor.go:635.2,635.19 1 0
easyedit/ui/editor.go:647.2,648.73 2 0
easyedit/ui/editor.go:632.9,634.3 1 0
easyedit/ui/editor.go:636.27,638.46 2 0
easyedit/ui/editor.go:639.27,641.22 2 0
easyedit/ui/editor.go:642.28,645.42 3 0
easyedit/ui/editor.go:651.27,653.9 2 0
easyedit/ui/editor.go:656.2,656.19 1 0
easyedit/ui/editor.go:668.2,669.73 2 0
easyedit/ui/editor.go:653.9,655.3 1 0
easyedit/ui/editor.go:657.27,659.39 2 0
easyedit/ui/editor.go:660.27,662.49 2 0
easyedit/ui/editor.go:663.28,666.39 3 0
easyedit/ui/editor.go:674.26,675.20 1 0
easyedit/ui/editor.go:678.2,690.17 10 0
easyedit/ui/editor.go:675.20,677.3 1 0
easyedit/ui/editor.go:693.27,694.20 1 0
easyedit/ui/editor.go:697.2,702.59 6 0
easyedit/ui/editor.go:694.20,696.3 1 0
easyedit/ui/editor.go:705.28,707.30 2 0
easyedit/ui/editor.go:711.2,711.16 1 0
easyedit/ui/editor.go:716.2,716.21 1 0
easyedit/ui/editor.go:724.2,727.17 4 0
easyedit/ui/editor.go:707.30,710.3 1 0
easyedit/ui/editor.go:711.16,713.3 1 0
easyedit/ui/editor.go:716.21,722.3 5 0
easyedit/ui/editor.go:732.30,737.2 4 0
easyedit/ui/editor.go:739.49,740.20 1 0
easyedit/ui/editor.go:743.2,745.17 3 0
easyedit/ui/editor.go:748.2,748.19 1 0
easyedit/ui/editor.go:740.20,742.3 1 0
easyedit/ui/editor.go:745.17,747.3 1 0
easyedit/ui/editor.go:753.29,757.25 3 0
easyedit/ui/editor.go:761.2,762.19 2 0
easyedit/ui/editor.go:810.2,810.30 1 0
easyedit/ui/editor.go:757.25,759.3 1 0
easyedit/ui/editor.go:762.19,765.20 3 0
easyedit/ui/editor.go:765.20,767.18 2 0
easyedit/ui/editor.go:771.4,772.30 2 0
easyedit/ui/editor.go:767.18,770.5 2 0
easyedit/ui/editor.go:772.30,774.5 1 0
easyedit/ui/editor.go:775.9,777.8 2 0
easyedit/ui/editor.go:777.8,779.16 2 0
easyedit/ui/editor.go:782.5,783.19 2 0
easyedit/ui/editor.go:779.16,780.11 1 0
easyedit/ui/editor.go:786.8,787.20 1 0
easyedit/ui/editor.go:787.20,789.18 2 0
easyedit/ui/editor.go:793.4,794.30 2 0
easyedit/ui/editor.go:789.18,792.5 2 0
easyedit/ui/editor.go:794.30,796.5 1 0
easyedit/ui/editor.go:797.9,799.8 2 0
easyedit/ui/editor.go:799.8,801.16 2 0
easyedit/ui/editor.go:804.5,805.19 2 0
easyedit/ui/editor.go:801.16,802.11 1 0
easyedit/ui/editor.go:810.30,812.39 1 0
easyedit/ui/editor.go:819.3,819.22 1 0
easyedit/ui/editor.go:823.3,824.67 2 0
easyedit/ui/editor.go:812.39,813.23 1 0
easyedit/ui/editor.go:813.23,816.10 3 0
easyedit/ui/editor.go:819.22,822.4 2 0
easyedit/ui/editor.go:825.8,827.3 1 0
easyedit/ui/editor.go:830.38,833.2 2 0
easyedit/ui/editor.go:837.30,838.24 1 0
easyedit/ui/editor.go:842.2,846.19 4 0
easyedit/ui/editor.go:860.2,860.16 1 0
easyedit/ui/editor.go:866.2,868.21 3 0
easyedit/ui/editor.go:872.2,875.23 3 0
easyedit/ui/editor.go:881.2,889.65 7 0
easyedit/ui/editor.go:838.24,840.3 1 0
easyedit/ui/editor.go:846.19,848.20 2 0
easyedit/ui/editor.go:851.3,851.36 1 0
easyedit/ui/editor.go:848.20,850.4 1 0
easyedit/ui/editor.go:852.8,854.20 2 0
easyedit/ui/editor.go:857.3,857.36 1 0
easyedit/ui/editor.go:854.20,856.4 1 0
easyedit/ui/editor.go:860.16,863.3 2 0
easyedit/ui/editor.go:868.21,870.3 1 0
easyedit/ui/editor.go:875.23,878.3 2 0
easyedit/ui/editor.go:894.35,899.18 4 0
easyedit/ui/editor.go:903.2,904.16 2 0
easyedit/ui/editor.go:909.2,910.61 1 0
easyedit/ui/editor.go:1012.2,1013.16 2 0
easyedit/ui/editor.go:1016.2,1016.16 1 0
easyedit/ui/editor.go:899.18,901.3 1 0
easyedit/ui/editor.go:904.16,907.3 2 0
easyedit/ui/editor.go:910.61,914.28 4 0
easyedit/ui/editor.go:917.4,917.28 1 0
easyedit/ui/editor.go:920.4,924.31 5 0
easyedit/ui/editor.go:914.28,916.5 1 0
easyedit/ui/editor.go:917.28,919.5 1 0
easyedit/ui/editor.go:926.111,929.18 3 0
easyedit/ui/editor.go:932.4,933.18 2 0
easyedit/ui/editor.go:938.4,941.28 4 0
easyedit/ui/editor.go:945.4,948.18 4 0
easyedit/ui/editor.go:952.4,953.28 2 0
easyedit/ui/editor.go:959.4,964.21 6 0
easyedit/ui/editor.go:929.18,931.5 1 0
easyedit/ui/editor.go:933.18,935.5 1 0
easyedit/ui/editor.go:941.28,943.5 1 0
easyedit/ui/editor.go:948.18,950.5 1 0
easyedit/ui/editor.go:953.28,955.5 1 0
easyedit/ui/editor.go:955.10,957.5 1 0
easyedit/ui/editor.go:966.38,968.4 1 0
easyedit/ui/editor.go:969.32,971.4 1 0
easyedit/ui/editor.go:972.37,974.4 1 0
easyedit/ui/editor.go:975.28,977.4 1 0
easyedit/ui/editor.go:978.45,979.16 1 0
easyedit/ui/editor.go:991.4,991.14 1 0
easyedit/ui/editor.go:980.24,981.60 1 0
easyedit/ui/editor.go:982.18,983.30 1 0
easyedit/ui/editor.go:984.16,985.29 1 0
easyedit/ui/editor.go:986.26,987.48 1 0
easyedit/ui/editor.go:988.12,989.50 1 0
easyedit/ui/editor.go:993.29,995.4 1 0
easyedit/ui/editor.go:996.34,997.33 1 0
easyedit/ui/editor.go:1000.4,1000.16 1 0
easyedit/ui/editor.go:1003.4,1005.14 3 0
easyedit/ui/editor.go:997.33,999.5 1 0
easyedit/ui/editor.go:1000.16,1002.5 1 0
easyedit/ui/editor.go:1007.27,1009.4 1 0
easyedit/ui/editor.go:1013.16,1015.3 1 0
easyedit/ui/editor.go:1016.16,1018.3 1 0
easyedit/ui/editor.go:1023.40,1025.17 2 0
easyedit/ui/editor.go:1028.2,1028.17 1 0
easyedit/ui/editor.go:1025.17,1027.3 1 0
easyedit/ui/editor.go:1031.27,1033.15 2 0
easyedit/ui/editor.go:1036.2,1038.17 3 0
easyedit/ui/editor.go:1033.15,1035.3 1 0
easyedit/ui/editor.go:1041.29,1043.33 2 0
easyedit/ui/editor.go:1046.2,1048.17 3 0
easyedit/ui/editor.go:1043.33,1045.3 1 0
easyedit/ui/editor.go:1051.34,1055.2 3 0
easyedit/ui/editor.go:1057.32,1061.2 3 0
easyedit/ui/editor.go:1063.31,1066.14 3 0
easyedit/ui/editor.go:1069.2,1071.21 3 0
easyedit/ui/editor.go:1074.2,1074.17 1 0
easyedit/ui/editor.go:1066.14,1068.3 1 0
easyedit/ui/editor.go:1071.21,1073.3 1 0
easyedit/ui/editor.go:1077.33,1080.31 3 0
easyedit/ui/editor.go:1083.2,1085.17 3 0
easyedit/ui/editor.go:1080.31,1082.3 1 0
easyedit/ui/editor.go:1089.32,1090.18 1 0
easyedit/ui/editor.go:1093.2,1093.28 1 0
easyedit/ui/editor.go:1098.2,1104.45 6 0
easyedit/ui/editor.go:1115.2,1119.31 3 0
easyedit/ui/editor.go:1122.2,1122.45 1 0
easyedit/ui/editor.go:1090.18,1092.3 1 0
easyedit/ui/editor.go:1093.28,1095.3 1 0
easyedit/ui/editor.go:1104.45,1105.23 1 0
easyedit/ui/editor.go:1105.23,1107.4 1 0
easyedit/ui/editor.go:1107.9,1109.14 2 0
easyedit/ui/editor.go:1112.4,1112.15 1 0
easyedit/ui/editor.go:1109.14,1111.5 1 0
easyedit/ui/editor.go:1119.31,1121.3 1 0
easyedit/ui/editor.go:1122.45,1124.3 1 0
easyedit/ui/editor.go:1128.37,1129.27 1 0
easyedit/ui/editor.go:1132.2,1134.18 3 0
easyedit/ui/editor.go:1138.2,1138.19 1 0
easyedit/ui/editor.go:1129.27,1131.3 1 0
easyedit/ui/editor.go:1134.18,1137.3 2 0
easyedit/ui/editor.go:1144.52,1147.30 3 0
easyedit/ui/editor.go:1150.2,1150.23 1 0
easyedit/ui/editor.go:1155.2,1156.35 2 0
easyedit/ui/editor.go:1147.30,1149.3 1 0
easyedit/ui/editor.go:1150.23,1152.3 1 0
easyedit/ui/editor.go:1156.35,1159.34 3 0
easyedit/ui/editor.go:1164.3,1164.20 1 0
easyedit/ui/editor.go:1159.34,1160.65 1 0
easyedit/ui/editor.go:1160.65,1162.5 1 0
easyedit/ui/editor.go:1168.27,1173.30 3 0
easyedit/ui/editor.go:1179.2,1181.19 3 0
easyedit/ui/editor.go:1185.2,1185.33 1 0
easyedit/ui/editor.go:1211.2,1217.17 4 0
easyedit/ui/editor.go:1220.2,1220.24 1 0
easyedit/ui/editor.go:1223.2,1223.41 1 0
easyedit/ui/editor.go:1173.30,1177.3 3 0
easyedit/ui/editor.go:1181.19,1183.3 1 0
easyedit/ui/editor.go:1185.33,1187.35 2 0
easyedit/ui/editor.go:1191.3,1195.27 3 0
easyedit/ui/editor.go:1203.3,1203.39 1 0
easyedit/ui/editor.go:1187.35,1188.9 1 0
easyedit/ui/editor.go:1195.27,1197.30 2 0
easyedit/ui/editor.go:1197.30,1199.5 1 0
easyedit/ui/editor.go:1203.39,1205.4 1 0
easyedit/ui/editor.go:1205.9,1207.4 1 0
easyedit/ui/editor.go:1217.17,1219.3 1 0
easyedit/ui/editor.go:1220.24,1222.3 1 0
easyedit/ui/editor.go:1223.41,1225.3 1 0
easyedit/ui/editor.go:1229.89,1233.61 3 0
easyedit/ui/editor.go:1233.61,1236.17 3 0
easyedit/ui/editor.go:1241.3,1241.13 1 0
easyedit/ui/editor.go:1244.3,1244.28 1 0
easyedit/ui/editor.go:1249.3,1250.74 2 0
easyedit/ui/editor.go:1256.3,1258.8 3 0
easyedit/ui/editor.go:1236.17,1238.4 1 0
easyedit/ui/editor.go:1238.9,1240.4 1 0
easyedit/ui/editor.go:1241.13,1243.4 1 0
easyedit/ui/editor.go:1244.28,1245.9 1 0
easyedit/ui/editor.go:1250.74,1252.4 1 0
easyedit/ui/editor.go:1252.9,1254.4 1 0
easyedit/ui/editor.go:1264.95,1268.61 3 0
easyedit/ui/editor.go:1268.61,1271.17 3 0
easyedit/ui/editor.go:1276.3,1276.13 1 0
easyedit/ui/editor.go:1279.3,1279.28 1 0
easyedit/ui/editor.go:1283.3,1287.54 3 0
easyedit/ui/editor.go:1290.3,1294.74 3 0
easyedit/ui/editor.go:1300.3,1300.97 1 0
easyedit/ui/editor.go:1305.3,1305.63 1 0
easyedit/ui/editor.go:1324.3,1324.37 1 0
easyedit/ui/editor.go:1333.3,1335.8 3 0
easyedit/ui/editor.go:1271.17,1273.4 1 0
easyedit/ui/editor.go:1273.9,1275.4 1 0
easyedit/ui/editor.go:1276.13,1278.4 1 0
easyedit/ui/editor.go:1279.28,1280.9 1 0
easyedit/ui/editor.go:1287.54,1289.4 1 0
easyedit/ui/editor.go:1294.74,1297.4 2 0
easyedit/ui/editor.go:1300.97,1302.4 1 0
easyedit/ui/editor.go:1305.63,1308.54 2 0
easyedit/ui/editor.go:1308.54,1310.20 2 0
easyedit/ui/editor.go:1310.20,1312.39 1 0
easyedit/ui/editor.go:1312.39,1315.29 2 0
easyedit/ui/editor.go:1315.29,1317.8 1 0
easyedit/ui/editor.go:1324.37,1325.40 1 0
easyedit/ui/editor.go:1325.40,1326.71 1 0
easyedit/ui/editor.go:1326.71,1328.11 2 0
easyedit/ui/editor.go:1340.50,1342.13 2 0
easyedit/ui/editor.go:1345.2,1345.28 1 0
easyedit/ui/editor.go:1342.13,1344.3 1 0
easyedit/ui/editor.go:1349.50,1351.13 2 0
easyedit/ui/editor.go:1354.2,1355.16 2 0
easyedit/ui/editor.go:1360.2,1361.41 2 0
easyedit/ui/editor.go:1365.2,1367.32 3 0
easyedit/ui/editor.go:1379.2,1379.14 1 0
easyedit/ui/editor.go:1351.13,1353.3 1 0
easyedit/ui/editor.go:1355.16,1357.3 1 0
easyedit/ui/editor.go:1361.41,1363.3 1 0
easyedit/ui/editor.go:1367.32,1369.14 2 0
easyedit/ui/editor.go:1377.3,1377.17 1 0
easyedit/ui/editor.go:1369.14,1371.4 1 0
easyedit/ui/editor.go:1371.9,1371.24 1 0
easyedit/ui/editor.go:1371.24,1372.18 1 0
easyedit/ui/editor.go:1375.4,1375.11 1 0
easyedit/ui/editor.go:1372.18,1374.5 1 0
easyedit/ui/editor.go:1383.36,1387.16 3 0
easyedit/ui/editor.go:1398.2,1400.39 3 0
easyedit/ui/editor.go:1403.2,1404.20 2 0
easyedit/ui/editor.go:1407.2,1413.16 4 0
easyedit/ui/editor.go:1458.2,1458.66 1 0
easyedit/ui/editor.go:1466.2,1468.31 3 0
easyedit/ui/editor.go:1388.18,1389.21 1 0
easyedit/ui/editor.go:1390.19,1391.22 1 0
easyedit/ui/editor.go:1392.18,1393.21 1 0
easyedit/ui/editor.go:1394.19,1395.22 1 0
easyedit/ui/editor.go:1400.39,1402.3 1 0
easyedit/ui/editor.go:1404.20,1406.3 1 0
easyedit/ui/editor.go:1414.19,1417.63 2 0
easyedit/ui/editor.go:1422.3,1423.54 2 0
easyedit/ui/editor.go:1426.3,1426.9 1 0
easyedit/ui/editor.go:1428.18,1430.20 2 0
easyedit/ui/editor.go:1433.3,1435.63 3 0
easyedit/ui/editor.go:1439.3,1439.54 1 0
easyedit/ui/editor.go:1442.3,1442.9 1 0
easyedit/ui/editor.go:1444.19,1447.63 3 0
easyedit/ui/editor.go:1451.3,1451.54 1 0
easyedit/ui/editor.go:1454.3,1454.9 1 0
easyedit/ui/editor.go:1417.63,1420.4 2 0
easyedit/ui/editor.go:1423.54,1425.4 1 0
easyedit/ui/editor.go:1430.20,1432.4 1 0
easyedit/ui/editor.go:1435.63,1438.4 2 0
easyedit/ui/editor.go:1439.54,1441.4 1 0
easyedit/ui/editor.go:1447.63,1450.4 2 0
easyedit/ui/editor.go:1451.54,1453.4 1 0
easyedit/ui/editor.go:1458.66,1460.3 1 0
easyedit/ui/editor.go:1460.8,1463.3 1 0
easyedit/ui/editor.go:1468.31,1470.21 2 0
easyedit/ui/editor.go:1473.3,1473.44 1 0
easyedit/ui/editor.go:1470.21,1472.4 1 0
